Invalid word placement: (0,0) H, hello
Invalid word placement: (0,0) V, howdy
Invalid word placement: (0,4) H, yahoo
Invalid word placement: (4,0) V, oxoxo
.....
.....
.....
.....
.....
